
> town-app@0.1.0 build
> next build

  Ôû▓ Next.js 14.2.15
  - Environments: .env.local

   Creating an optimized production build ...
node.exe : Failed to 
compile.
At C:\Program Files\no
dejs\npm.ps1:29 char:3
+   & $NODE_EXE 
$NPM_CLI_JS $args
+   ~~~~~~~~~~~~~~~~~~
~~~~~~~~~~~
    + CategoryInfo    
          : NotSpeci  
  fied: (Failed to    
 compile.:String)     
[], RemoteExcepti    
on
    + FullyQualifiedE 
   rrorId : NativeCo  
  mmandError
 

./node_modules/@towns-
protocol/generated/dev
/abis/Channels.abi.ts
Module parse failed: 
Unexpected token 
(1619:2)
File was processed 
with these loaders:
 * ./node_modules/next
/dist/build/webpack/lo
aders/next-flight-load
er/index.js
 * ./node_modules/next
/dist/build/webpack/lo
aders/next-swc-loader.
js
You may need an 
additional loader to 
handle the result of 
these loaders.
|     "inputs": []
|   }
> ] as const
| 

Import trace for 
requested module:
./node_modules/@towns-
protocol/generated/dev
/abis/Channels.abi.ts
./node_modules/@towns-
protocol/bot/dist/bot.
js
./node_modules/@towns-
protocol/bot/dist/inde
x.js
./src/lib/bot.ts
./src/app/.well-known/
agent-metadata.json/ro
ute.ts

./node_modules/@towns-
protocol/generated/dev
/abis/IAppRegistry.abi
.ts
Module parse failed: 
Unexpected token 
(634:2)
File was processed 
with these loaders:
 * ./node_modules/next
/dist/build/webpack/lo
aders/next-flight-load
er/index.js
 * ./node_modules/next
/dist/build/webpack/lo
aders/next-swc-loader.
js
You may need an 
additional loader to 
handle the result of 
these loaders.
|     "inputs": []
|   }
> ] as const
| 

Import trace for 
requested module:
./node_modules/@towns-
protocol/generated/dev
/abis/IAppRegistry.abi
.ts
./node_modules/@towns-
protocol/bot/dist/bot.
js
./node_modules/@towns-
protocol/bot/dist/inde
x.js
./src/lib/bot.ts
./src/app/.well-known/
agent-metadata.json/ro
ute.ts

./node_modules/@towns-
protocol/generated/dev
/abis/ISimpleApp.abi.t
s
Module parse failed: 
Unexpected token 
(276:2)
File was processed 
with these loaders:
 * ./node_modules/next
/dist/build/webpack/lo
aders/next-flight-load
er/index.js
 * ./node_modules/next
/dist/build/webpack/lo
aders/next-swc-loader.
js
You may need an 
additional loader to 
handle the result of 
these loaders.
|     "inputs": []
|   }
> ] as const
| 

Import trace for 
requested module:
./node_modules/@towns-
protocol/generated/dev
/abis/ISimpleApp.abi.t
s
./node_modules/@towns-
protocol/bot/dist/re-e
xports.js
./node_modules/@towns-
protocol/bot/dist/inde
x.js
./src/lib/bot.ts
./src/app/.well-known/
agent-metadata.json/ro
ute.ts

./node_modules/@towns-
protocol/generated/dev
/abis/ITipping.abi.ts
Module parse failed: 
Unexpected token 
(340:2)
File was processed 
with these loaders:
 * ./node_modules/next
/dist/build/webpack/lo
aders/next-flight-load
er/index.js
 * ./node_modules/next
/dist/build/webpack/lo
aders/next-swc-loader.
js
You may need an 
additional loader to 
handle the result of 
these loaders.
|     "inputs": []
|   }
> ] as const
| 

Import trace for 
requested module:
./node_modules/@towns-
protocol/generated/dev
/abis/ITipping.abi.ts
./node_modules/@towns-
protocol/bot/dist/bot.
js
./node_modules/@towns-
protocol/bot/dist/inde
x.js
./src/lib/bot.ts
./src/app/.well-known/
agent-metadata.json/ro
ute.ts

./node_modules/@towns-
protocol/generated/dev
/abis/Roles.abi.ts
Module parse failed: 
Unexpected token 
(1583:2)
File was processed 
with these loaders:
 * ./node_modules/next
/dist/build/webpack/lo
aders/next-flight-load
er/index.js
 * ./node_modules/next
/dist/build/webpack/lo
aders/next-swc-loader.
js
You may need an 
additional loader to 
handle the result of 
these loaders.
|     "inputs": []
|   }
> ] as const
| 

Import trace for 
requested module:
./node_modules/@towns-
protocol/generated/dev
/abis/Roles.abi.ts
./node_modules/@towns-
protocol/bot/dist/bot.
js
./node_modules/@towns-
protocol/bot/dist/inde
x.js
./src/lib/bot.ts
./src/app/.well-known/
agent-metadata.json/ro
ute.ts


> Build failed 
because of webpack 
errors
